// Jest Snapshot v1, https://goo.gl/fbAQLP

exports[`DescriptiveText Testing verify against descriptiveText snapshot 1`] = `<div />`;
