// Jest Snapshot v1, https://goo.gl/fbAQLP

exports[`Header Testing verify against header snapshot 1`] = `
<div
  className="header"
>
  <div
    className="header-logo"
  >
    <i
      className="icon_homedepot"
    />
  </div>
  <div
    className="header-info produc-info"
  >
    W/MRI
  </div>
</div>
`;
