// Jest Snapshot v1, https://goo.gl/fbAQLP

exports[`Label rendering Testing verify against label snapshot 1`] = `
<div>
  <label />
</div>
`;
