// Jest Snapshot v1, https://goo.gl/fbAQLP

exports[`Input Component Testing verify against Input snapshot 1`] = `
<div>
  <input />
</div>
`;
