// Jest Snapshot v1, https://goo.gl/fbAQLP

exports[`Card Testing verify against card snapshot 1`] = `
<div
  className="card"
/>
`;
